EN fa_1 NULL "D:/Kuliah/SMT 2/RL 2/TUGAS1/full_adder/FA_1.vhd" sub00/vhpl00 1652413715
AR fa_1 behavioral "D:/Kuliah/SMT 2/RL 2/TUGAS1/full_adder/FA_1.vhd" sub00/vhpl01 1652413716
EN fa_4 NULL "D:/Kuliah/SMT 2/RL 2/TUGAS1/full_adder/FA_4.vhd" sub00/vhpl02 1652413717
AR fa_4 behavioral "D:/Kuliah/SMT 2/RL 2/TUGAS1/full_adder/FA_4.vhd" sub00/vhpl03 1652413718
