EN demux12 NULL "D:/Kuliah/SMT 2/RL 2/TUGAS2/tugas2_demux12/demux12.vhd" sub00/vhpl04 1652414820
EN demux21 NULL "E:/PENS/CE B 2021/Semester 2/Rangkaian Logika 2/Praktikum/6. Structural/project/tugas2_demux12/demux12.vhd" sub00/vhpl00 1652411521
AR demux12b behavioral "D:/Kuliah/SMT 2/RL 2/TUGAS2/tugas2_demux12/demux12b.vhd" sub00/vhpl03 1652414819
AR demux21 behavioral "D:/Kuliah/SMT 2/RL 2/TUGAS2/tugas2_demux12/demux12.vhd" sub00/vhpl01 1652414821
EN demux12b NULL "D:/Kuliah/SMT 2/RL 2/TUGAS2/tugas2_demux12/demux12b.vhd" sub00/vhpl02 1652414818
