--------------------------------------------------------------------------------
Release 14.5 Trace  (nt64)
Copyright (c) 1995-2012 Xilinx, Inc.  All rights reserved.

C:\Xilinx\14.5\ISE_DS\ISE\bin\nt64\unwrapped\trce.exe -intstyle ise -v 3 -s 4
-n 3 -fastpaths -xml FA_4.twx FA_4.ncd -o FA_4.twr FA_4.pcf -ucf FA_4.ucf

Design file:              FA_4.ncd
Physical constraint file: FA_4.pcf
Device,package,speed:     xc3s200,ft256,-4 (PRODUCTION 1.39 2013-03-26)
Report level:             verbose report

Environment Variable      Effect 
--------------------      ------ 
NONE                      No environment variables were set
--------------------------------------------------------------------------------

INFO:Timing:2698 - No timing constraints found, doing default enumeration.
INFO:Timing:3412 - To improve timing, see the Timing Closure User Guide (UG612).
INFO:Timing:2752 - To get complete path coverage, use the unconstrained paths 
   option. All paths that are not constrained will be reported in the 
   unconstrained paths section(s) of the report.
INFO:Timing:3339 - The clock-to-out numbers in this timing report are based on 
   a 50 Ohm transmission line loading model.  For the details of this model, 
   and for more information on accounting for different loading conditions, 
   please see the device datasheet.
INFO:Timing:3390 - This architecture does not support a default System Jitter 
   value, please add SYSTEM_JITTER constraint to the UCF to modify the Clock 
   Uncertainty calculation.
INFO:Timing:3389 - This architecture does not support 'Discrete Jitter' and 
   'Phase Error' calculations, these terms will be zero in the Clock 
   Uncertainty calculation.  Please make appropriate modification to 
   SYSTEM_JITTER to account for the unsupported Discrete Jitter and Phase 
   Error.



Data Sheet report:
-----------------
All values displayed in nanoseconds (ns)

Pad to Pad
---------------+---------------+---------+
Source Pad     |Destination Pad|  Delay  |
---------------+---------------+---------+
a<0>           |cout           |   12.581|
a<0>           |sum<0>         |    9.371|
a<0>           |sum<1>         |   10.486|
a<0>           |sum<2>         |   10.258|
a<0>           |sum<3>         |   12.569|
a<1>           |cout           |   11.600|
a<1>           |sum<1>         |    9.144|
a<1>           |sum<2>         |    9.277|
a<1>           |sum<3>         |   11.588|
a<2>           |cout           |   10.254|
a<2>           |sum<2>         |    8.226|
a<2>           |sum<3>         |   10.242|
a<3>           |cout           |    9.973|
a<3>           |sum<3>         |    8.986|
b<0>           |cout           |   11.576|
b<0>           |sum<0>         |    8.366|
b<0>           |sum<1>         |    9.481|
b<0>           |sum<2>         |    9.253|
b<0>           |sum<3>         |   11.564|
b<1>           |cout           |   10.894|
b<1>           |sum<1>         |    8.781|
b<1>           |sum<2>         |    8.571|
b<1>           |sum<3>         |   10.882|
b<2>           |cout           |    9.866|
b<2>           |sum<2>         |    7.573|
b<2>           |sum<3>         |    9.854|
b<3>           |cout           |    9.152|
b<3>           |sum<3>         |    8.626|
cin            |cout           |   12.315|
cin            |sum<0>         |    9.105|
cin            |sum<1>         |   10.220|
cin            |sum<2>         |    9.992|
cin            |sum<3>         |   12.303|
---------------+---------------+---------+


Analysis completed Fri May 13 10:54:38 2022 
--------------------------------------------------------------------------------

Trace Settings:
-------------------------
Trace Settings 

Peak Memory Usage: 4473 MB



