V3 3
FL "E:/PENS/CE B 2021/Semester 2/Rangkaian Logika 2/Praktikum/2. Pengenalan FPGA dan ISE Design Tool Xilinx/Latihan/latihan1/main.vhd" 2022/03/07.22:35:58 P.58f
EN work/main 1646667745 \
      FL "E:/PENS/CE B 2021/Semester 2/Rangkaian Logika 2/Praktikum/2. Pengenalan FPGA dan ISE Design Tool Xilinx/Latihan/latihan1/main.vhd" \
      PB ieee/std_logic_1164 1364358218
AR work/main/Behavioral 1646667746 \
      FL "E:/PENS/CE B 2021/Semester 2/Rangkaian Logika 2/Praktikum/2. Pengenalan FPGA dan ISE Design Tool Xilinx/Latihan/latihan1/main.vhd" \
      EN work/main 1646667745
