EN mux41b NULL "E:/PENS/CE B 2021/Semester 2/Rangkaian Logika 2/Praktikum/6. Structural/project/tugas3_mux41/mux41.vhd" sub00/vhpl00 1652423605
AR mux41 behavioral "D:/Kuliah/SMT 2/RL 2/tugas3/tugas3_mux41/mux41.vhd" sub00/vhpl03 1652427297
EN mux41 NULL "D:/Kuliah/SMT 2/RL 2/tugas3/tugas3_mux41/mux41.vhd" sub00/vhpl02 1652427296
AR mux41b behavioral "E:/PENS/CE B 2021/Semester 2/Rangkaian Logika 2/Praktikum/6. Structural/project/tugas3_mux41/mux41.vhd" sub00/vhpl01 1652423606
