V3 3
FL "D:/Kuliah/SMT 2/RL 2/percobaan5/project/decoder3to8.vhd" 2022/04/22.09:06:41 P.58f
EN work/decoder_3to8 1650593255 \
      FL "D:/Kuliah/SMT 2/RL 2/percobaan5/project/decoder3to8.vhd" \
      PB ieee/std_logic_1164 1364358218 PB ieee/std_logic_arith 1364358219 \
      PB ieee/STD_LOGIC_UNSIGNED 1364358221
AR work/decoder_3to8/Behavioral 1650593256 \
      FL "D:/Kuliah/SMT 2/RL 2/percobaan5/project/decoder3to8.vhd" \
      EN work/decoder_3to8 1650593255
