V3 3
FL "E:/PENS/CE B 2021/Semester 2/Rangkaian Logika 2/Praktikum/6. Structural/project/tugas4_demux14/demux14.vhd" 2022/05/13.13:57:24 P.58f
EN work/demux14 1652425051 \
      FL "E:/PENS/CE B 2021/Semester 2/Rangkaian Logika 2/Praktikum/6. Structural/project/tugas4_demux14/demux14.vhd" \
      PB ieee/std_logic_1164 1364358218
AR work/demux14/Behavioral 1652425052 \
      FL "E:/PENS/CE B 2021/Semester 2/Rangkaian Logika 2/Praktikum/6. Structural/project/tugas4_demux14/demux14.vhd" \
      EN work/demux14 1652425051
