V3 3
FL "D:/Kuliah/SMT 2/RL 2/percobaan5/project/graytobinary/graytobiner.vhd" 2022/04/22.10:08:14 P.58f
EN work/graytobinary 1650596920 \
      FL "D:/Kuliah/SMT 2/RL 2/percobaan5/project/graytobinary/graytobiner.vhd" \
      PB ieee/std_logic_1164 1364358218
AR work/graytobinary/Behavioral 1650596921 \
      FL "D:/Kuliah/SMT 2/RL 2/percobaan5/project/graytobinary/graytobiner.vhd" \
      EN work/graytobinary 1650596920
